// Jest Snapshot v1, https://goo.gl/fbAQLP

exports[`Should Render Header 1`] = `
<header
  className="flex items-center justify-between px4"
>
  <h1
    className="h1"
  >
    üçΩ MyRecipes
  </h1>
  <nav>
    <a
      aria-current="page"
      className="p1 mx2 white rounded text-decoration-none bg-gray"
      href="/"
      onClick={[Function]}
      style={Object {}}
    >
      Home
    </a>
    <a
      aria-current={null}
      className="p1 mx2 white rounded text-decoration-none"
      href="/favorites"
      onClick={[Function]}
    >
      Favorite
    </a>
  </nav>
</header>
`;
